Loaded CFTC Legacy Futures Only 2016
Loaded CFTC Legacy Futures Only 2017
Loaded CFTC Legacy Futures Only 2018
Loaded CFTC Legacy Futures Only 2019
Loaded CFTC Legacy Futures Only 2020
Loaded CFTC Legacy Futures Only 2021
Loaded CFTC Legacy Futures Only 2022
Loaded CFTC Legacy Futures Only 2023
Loaded CFTC Legacy Futures Only 2024
Loaded CFTC Legacy Futures Only 2025
Loaded CFTC Legacy Futures Only 2026
Loaded current CFTC Legacy Futures Only weekly top-up

=== NASDAQ-100 Consolidated - CHICAGO MERCANTILE EXCHANGE ===
Using local FRED file: A:\work\trading\cot report\data\NASDAQ100.csv

Latest exact legacy row:
date: 2026-07-21
CFTC source latest date: 2026-07-21
price: 29,155.18
open_interest: 311,523
Noncommercial net: -9,691 (-3.11% of OI)
Commercial net: -3,971 (-1.27% of OI)
Total Reportable net: -13,663 (-4.39% of OI)
Nonreportable net: 13,663 (4.39% of OI)

Strongest absolute correlations:
        category                                                           relationship                      position_metric  pearson_r  observations      return_metric
total_reportable    weekly change in total reportable net/OI pct vs weekly price return   total_reportable_net_oi_pct_change     0.2656           550                NaN
   nonreportable       weekly change in nonreportable net/OI pct vs weekly price return      nonreportable_net_oi_pct_change    -0.2655           550                NaN
total_reportable weekly change in total reportable net contracts vs weekly price return          total_reportable_net_change     0.2290           550                NaN
   nonreportable    weekly change in nonreportable net contracts vs weekly price return             nonreportable_net_change    -0.2290           550                NaN
total_reportable   weekly change in total reportable long/OI pct vs weekly price return  total_reportable_long_oi_pct_change     0.1788           550                NaN
   nonreportable      weekly change in nonreportable long/OI pct vs weekly price return     nonreportable_long_oi_pct_change    -0.1788           550                NaN
   noncommercial                 noncommercial short/OI pct vs forward 52w price return           noncommercial_short_oi_pct    -0.1600           499 forward_return_52w
   nonreportable     weekly change in nonreportable short/OI pct vs weekly price return    nonreportable_short_oi_pct_change     0.1374           550                NaN
total_reportable  weekly change in total reportable short/OI pct vs weekly price return total_reportable_short_oi_pct_change    -0.1374           550                NaN
   noncommercial                noncommercial net contracts vs forward 52w price return                    noncommercial_net     0.1290           499 forward_return_52w
      commercial                      commercial net/OI pct vs forward 52w price return                commercial_net_oi_pct    -0.1208           499 forward_return_52w
      commercial                    commercial short/OI pct vs forward 52w price return              commercial_short_oi_pct     0.1197           499 forward_return_52w

Saved:
cot_legacy_output\nq_legacy_data_2016_2026.csv
cot_legacy_output\nq_legacy_correlations_2016_2026.csv
cot_legacy_output\nq_legacy_extremes_2016_2026.csv
cot_legacy_output\nq_legacy_net_oi_overlay_2016_2026.png
cot_legacy_output\nq_legacy_forward_corr_heatmap_2016_2026.png

=== S&P 500 Consolidated - CHICAGO MERCANTILE EXCHANGE ===
Using local FRED file: A:\work\trading\cot report\data\SP500.csv

Latest exact legacy row:
date: 2026-07-21
CFTC source latest date: 2026-07-21
price: 7,509.20
open_interest: 1,958,349
Noncommercial net: -20,998 (-1.07% of OI)
Commercial net: -99,512 (-5.08% of OI)
Total Reportable net: -120,511 (-6.15% of OI)
Nonreportable net: 120,511 (6.15% of OI)

Strongest absolute correlations:
     category                                                       relationship                   position_metric  pearson_r  observations      return_metric
noncommercial              noncommercial long/OI pct vs forward 52w price return         noncommercial_long_oi_pct    -0.4468           477 forward_return_52w
   commercial                  commercial net/OI pct vs forward 52w price return             commercial_net_oi_pct     0.4350           477 forward_return_52w
noncommercial               noncommercial net/OI pct vs forward 52w price return          noncommercial_net_oi_pct    -0.4223           477 forward_return_52w
noncommercial   weekly change in noncommercial net/OI pct vs weekly price return   noncommercial_net_oi_pct_change    -0.3774           528                NaN
   commercial                commercial short/OI pct vs forward 52w price return           commercial_short_oi_pct    -0.3724           477 forward_return_52w
   commercial      weekly change in commercial net/OI pct vs weekly price return      commercial_net_oi_pct_change     0.3410           528                NaN
noncommercial              noncommercial long/OI pct vs forward 26w price return         noncommercial_long_oi_pct    -0.3352           503 forward_return_26w
noncommercial            noncommercial net contracts vs forward 52w price return                 noncommercial_net    -0.3281           477 forward_return_52w
   commercial                 commercial long/OI pct vs forward 52w price return            commercial_long_oi_pct     0.3254           477 forward_return_52w
   commercial               commercial net contracts vs forward 52w price return                    commercial_net     0.3075           477 forward_return_52w
noncommercial             noncommercial short/OI pct vs forward 52w price return        noncommercial_short_oi_pct     0.3070           477 forward_return_52w
noncommercial weekly change in noncommercial short/OI pct vs weekly price return noncommercial_short_oi_pct_change     0.2816           528                NaN

Saved:
cot_legacy_output\sp500_legacy_data_2016_2026.csv
cot_legacy_output\sp500_legacy_correlations_2016_2026.csv
cot_legacy_output\sp500_legacy_extremes_2016_2026.csv
cot_legacy_output\sp500_legacy_net_oi_overlay_2016_2026.png
cot_legacy_output\sp500_legacy_forward_corr_heatmap_2016_2026.png

=== VIX FUTURES - CBOE FUTURES EXCHANGE ===
Using local FRED file: A:\work\trading\cot report\data\VIXCLS.csv

Latest exact legacy row:
date: 2026-07-21
CFTC source latest date: 2026-07-21
price: 17.05
open_interest: 396,485
Noncommercial net: -76,861 (-19.39% of OI)
Commercial net: 75,398 (19.02% of OI)
Total Reportable net: -1,463 (-0.37% of OI)
Nonreportable net: 1,463 (0.37% of OI)

Strongest absolute correlations:
     category                                            relationship            position_metric  pearson_r  observations      return_metric
noncommercial noncommercial net contracts vs forward 52w price return          noncommercial_net    -0.4548           499 forward_return_52w
   commercial    commercial net contracts vs forward 52w price return             commercial_net     0.4461           499 forward_return_52w
   commercial    commercial net contracts vs forward 26w price return             commercial_net     0.4045           525 forward_return_26w
noncommercial noncommercial net contracts vs forward 26w price return          noncommercial_net    -0.4025           525 forward_return_26w
   commercial     commercial short/OI pct vs forward 52w price return    commercial_short_oi_pct    -0.3968           499 forward_return_52w
   commercial    commercial net contracts vs forward 13w price return             commercial_net     0.3833           538 forward_return_13w
noncommercial noncommercial net contracts vs forward 13w price return          noncommercial_net    -0.3801           538 forward_return_13w
noncommercial  noncommercial short/OI pct vs forward 52w price return noncommercial_short_oi_pct     0.3754           499 forward_return_52w
noncommercial    noncommercial net/OI pct vs forward 52w price return   noncommercial_net_oi_pct    -0.3322           499 forward_return_52w
   commercial       commercial net/OI pct vs forward 52w price return      commercial_net_oi_pct     0.3141           499 forward_return_52w
   commercial     commercial short/OI pct vs forward 13w price return    commercial_short_oi_pct    -0.3064           538 forward_return_13w
noncommercial    noncommercial net/OI pct vs forward 13w price return   noncommercial_net_oi_pct    -0.3054           538 forward_return_13w

Saved:
cot_legacy_output\vix_legacy_data_2016_2026.csv
cot_legacy_output\vix_legacy_correlations_2016_2026.csv
cot_legacy_output\vix_legacy_extremes_2016_2026.csv
cot_legacy_output\vix_legacy_net_oi_overlay_2016_2026.png
cot_legacy_output\vix_legacy_forward_corr_heatmap_2016_2026.png

Saved summary: cot_legacy_output\cot_legacy_summary_2016_2026.csv
